Archive member included to satisfy reference by file (symbol)

c:/ac6/systemworkbench/plugins/fr.ac6.mcu.externaltools.arm-none.win32_1.17.0.201812190825/tools/compiler/bin/../lib/gcc/arm-none-eabi/7.3.1/thumb/v6-m\libgcc.a(_udivsi3.o)
                              Drivers/STM32F0xx_HAL_Driver/Src/stm32f0xx_hal.o (__aeabi_uidiv)
c:/ac6/systemworkbench/plugins/fr.ac6.mcu.externaltools.arm-none.win32_1.17.0.201812190825/tools/compiler/bin/../lib/gcc/arm-none-eabi/7.3.1/thumb/v6-m\libgcc.a(_dvmd_tls.o)
                              c:/ac6/systemworkbench/plugins/fr.ac6.mcu.externaltools.arm-none.win32_1.17.0.201812190825/tools/compiler/bin/../lib/gcc/arm-none-eabi/7.3.1/thumb/v6-m\libgcc.a(_udivsi3.o) (__aeabi_idiv0)
c:/ac6/systemworkbench/plugins/fr.ac6.mcu.externaltools.arm-none.win32_1.17.0.201812190825/tools/compiler/bin/../lib/gcc/arm-none-eabi/7.3.1/../../../../arm-none-eabi/lib/thumb/v6-m\libc_nano.a(lib_a-exit.o)
                              c:/ac6/systemworkbench/plugins/fr.ac6.mcu.externaltools.arm-none.win32_1.17.0.201812190825/tools/compiler/bin/../lib/gcc/arm-none-eabi/7.3.1/../../../../arm-none-eabi/lib/thumb/v6-m/crt0.o (exit)
c:/ac6/systemworkbench/plugins/fr.ac6.mcu.externaltools.arm-none.win32_1.17.0.201812190825/tools/compiler/bin/../lib/gcc/arm-none-eabi/7.3.1/../../../../arm-none-eabi/lib/thumb/v6-m\libc_nano.a(lib_a-impure.o)
                              c:/ac6/systemworkbench/plugins/fr.ac6.mcu.externaltools.arm-none.win32_1.17.0.201812190825/tools/compiler/bin/../lib/gcc/arm-none-eabi/7.3.1/../../../../arm-none-eabi/lib/thumb/v6-m\libc_nano.a(lib_a-exit.o) (_global_impure_ptr)
c:/ac6/systemworkbench/plugins/fr.ac6.mcu.externaltools.arm-none.win32_1.17.0.201812190825/tools/compiler/bin/../lib/gcc/arm-none-eabi/7.3.1/../../../../arm-none-eabi/lib/thumb/v6-m\libc_nano.a(lib_a-init.o)
                              c:/ac6/systemworkbench/plugins/fr.ac6.mcu.externaltools.arm-none.win32_1.17.0.201812190825/tools/compiler/bin/../lib/gcc/arm-none-eabi/7.3.1/../../../../arm-none-eabi/lib/thumb/v6-m/crt0.o (__libc_init_array)
c:/ac6/systemworkbench/plugins/fr.ac6.mcu.externaltools.arm-none.win32_1.17.0.201812190825/tools/compiler/bin/../lib/gcc/arm-none-eabi/7.3.1/../../../../arm-none-eabi/lib/thumb/v6-m\libc_nano.a(lib_a-memset.o)
                              c:/ac6/systemworkbench/plugins/fr.ac6.mcu.externaltools.arm-none.win32_1.17.0.201812190825/tools/compiler/bin/../lib/gcc/arm-none-eabi/7.3.1/../../../../arm-none-eabi/lib/thumb/v6-m/crt0.o (memset)
c:/ac6/systemworkbench/plugins/fr.ac6.mcu.externaltools.arm-none.win32_1.17.0.201812190825/tools/compiler/bin/../lib/gcc/arm-none-eabi/7.3.1/../../../../arm-none-eabi/lib/thumb/v6-m\libc_nano.a(lib_a-strlen.o)
                              Src/main.o (strlen)
c:/ac6/systemworkbench/plugins/fr.ac6.mcu.externaltools.arm-none.win32_1.17.0.201812190825/tools/compiler/bin/../lib/gcc/arm-none-eabi/7.3.1/../../../../arm-none-eabi/lib/thumb/v6-m\libnosys.a(_exit.o)
                              c:/ac6/systemworkbench/plugins/fr.ac6.mcu.externaltools.arm-none.win32_1.17.0.201812190825/tools/compiler/bin/../lib/gcc/arm-none-eabi/7.3.1/../../../../arm-none-eabi/lib/thumb/v6-m\libc_nano.a(lib_a-exit.o) (_exit)

Allocating common symbols
Common symbol       size              file

uwTick              0x4               Drivers/STM32F0xx_HAL_Driver/Src/stm32f0xx_hal.o
pFlash              0x20              Drivers/STM32F0xx_HAL_Driver/Src/stm32f0xx_hal_flash.o
huart1              0x70              Src/main.o

Discarded input sections

 .text          0x00000000        0x0 c:/ac6/systemworkbench/plugins/fr.ac6.mcu.externaltools.arm-none.win32_1.17.0.201812190825/tools/compiler/bin/../lib/gcc/arm-none-eabi/7.3.1/thumb/v6-m/crti.o
 .data          0x00000000        0x0 c:/ac6/systemworkbench/plugins/fr.ac6.mcu.externaltools.arm-none.win32_1.17.0.201812190825/tools/compiler/bin/../lib/gcc/arm-none-eabi/7.3.1/thumb/v6-m/crti.o
 .bss           0x00000000        0x0 c:/ac6/systemworkbench/plugins/fr.ac6.mcu.externaltools.arm-none.win32_1.17.0.201812190825/tools/compiler/bin/../lib/gcc/arm-none-eabi/7.3.1/thumb/v6-m/crti.o
 .data          0x00000000        0x4 c:/ac6/systemworkbench/plugins/fr.ac6.mcu.externaltools.arm-none.win32_1.17.0.201812190825/tools/compiler/bin/../lib/gcc/arm-none-eabi/7.3.1/thumb/v6-m/crtbegin.o
 .text          0x00000000       0x78 c:/ac6/systemworkbench/plugins/fr.ac6.mcu.externaltools.arm-none.win32_1.17.0.201812190825/tools/compiler/bin/../lib/gcc/arm-none-eabi/7.3.1/../../../../arm-none-eabi/lib/thumb/v6-m/crt0.o
 .data          0x00000000        0x0 c:/ac6/systemworkbench/plugins/fr.ac6.mcu.externaltools.arm-none.win32_1.17.0.201812190825/tools/compiler/bin/../lib/gcc/arm-none-eabi/7.3.1/../../../../arm-none-eabi/lib/thumb/v6-m/crt0.o
[...]
Memory Configuration

Name             Origin             Length             Attributes
RAM              0x20000000         0x00002000         xrw
FLASH            0x08000000         0x00010000         xr
*default*        0x00000000         0xffffffff

Linker script and memory map

LOAD c:/ac6/systemworkbench/plugins/fr.ac6.mcu.externaltools.arm-none.win32_1.17.0.201812190825/tools/compiler/bin/../lib/gcc/arm-none-eabi/7.3.1/thumb/v6-m/crti.o
LOAD c:/ac6/systemworkbench/plugins/fr.ac6.mcu.externaltools.arm-none.win32_1.17.0.201812190825/tools/compiler/bin/../lib/gcc/arm-none-eabi/7.3.1/thumb/v6-m/crtbegin.o
LOAD c:/ac6/systemworkbench/plugins/fr.ac6.mcu.externaltools.arm-none.win32_1.17.0.201812190825/tools/compiler/bin/../lib/gcc/arm-none-eabi/7.3.1/../../../../arm-none-eabi/lib/thumb/v6-m/crt0.o
LOAD Drivers/STM32F0xx_HAL_Driver/Src/stm32f0xx_hal.o
LOAD Drivers/STM32F0xx_HAL_Driver/Src/stm32f0xx_hal_cortex.o
LOAD Drivers/STM32F0xx_HAL_Driver/Src/stm32f0xx_hal_dma.o
LOAD Drivers/STM32F0xx_HAL_Driver/Src/stm32f0xx_hal_flash.o
LOAD Drivers/STM32F0xx_HAL_Driver/Src/stm32f0xx_hal_flash_ex.o
LOAD Drivers/STM32F0xx_HAL_Driver/Src/stm32f0xx_hal_gpio.o
LOAD Drivers/STM32F0xx_HAL_Driver/Src/stm32f0xx_hal_i2c.o
LOAD Drivers/STM32F0xx_HAL_Driver/Src/stm32f0xx_hal_i2c_ex.o
LOAD Drivers/STM32F0xx_HAL_Driver/Src/stm32f0xx_hal_pwr.o
LOAD Drivers/STM32F0xx_HAL_Driver/Src/stm32f0xx_hal_pwr_ex.o
LOAD Drivers/STM32F0xx_HAL_Driver/Src/stm32f0xx_hal_rcc.o
LOAD Drivers/STM32F0xx_HAL_Driver/Src/stm32f0xx_hal_rcc_ex.o
LOAD Drivers/STM32F0xx_HAL_Driver/Src/stm32f0xx_hal_tim.o
LOAD Drivers/STM32F0xx_HAL_Driver/Src/stm32f0xx_hal_tim_ex.o
LOAD Drivers/STM32F0xx_HAL_Driver/Src/stm32f0xx_hal_uart.o
LOAD Drivers/STM32F0xx_HAL_Driver/Src/stm32f0xx_hal_uart_ex.o
LOAD Src/main.o
LOAD Src/stm32f0xx_hal_msp.o
LOAD Src/stm32f0xx_it.o
LOAD Src/system_stm32f0xx.o
LOAD startup/startup_stm32f051x8.o
LOAD c:/ac6/systemworkbench/plugins/fr.ac6.mcu.externaltools.arm-none.win32_1.17.0.201812190825/tools/compiler/bin/../lib/gcc/arm-none-eabi/7.3.1/../../../../arm-none-eabi/lib/thumb/v6-m\libm.a
START GROUP
LOAD c:/ac6/systemworkbench/plugins/fr.ac6.mcu.externaltools.arm-none.win32_1.17.0.201812190825/tools/compiler/bin/../lib/gcc/arm-none-eabi/7.3.1/thumb/v6-m\libgcc.a
LOAD c:/ac6/systemworkbench/plugins/fr.ac6.mcu.externaltools.arm-none.win32_1.17.0.201812190825/tools/compiler/bin/../lib/gcc/arm-none-eabi/7.3.1/../../../../arm-none-eabi/lib/thumb/v6-m\libc_nano.a
END GROUP
START GROUP
LOAD c:/ac6/systemworkbench/plugins/fr.ac6.mcu.externaltools.arm-none.win32_1.17.0.201812190825/tools/compiler/bin/../lib/gcc/arm-none-eabi/7.3.1/thumb/v6-m\libgcc.a
LOAD c:/ac6/systemworkbench/plugins/fr.ac6.mcu.externaltools.arm-none.win32_1.17.0.201812190825/tools/compiler/bin/../lib/gcc/arm-none-eabi/7.3.1/../../../../arm-none-eabi/lib/thumb/v6-m\libc_nano.a
LOAD c:/ac6/systemworkbench/plugins/fr.ac6.mcu.externaltools.arm-none.win32_1.17.0.201812190825/tools/compiler/bin/../lib/gcc/arm-none-eabi/7.3.1/../../../../arm-none-eabi/lib/thumb/v6-m\libnosys.a
END GROUP
START GROUP
LOAD c:/ac6/systemworkbench/plugins/fr.ac6.mcu.externaltools.arm-none.win32_1.17.0.201812190825/tools/compiler/bin/../lib/gcc/arm-none-eabi/7.3.1/thumb/v6-m\libgcc.a
LOAD c:/ac6/systemworkbench/plugins/fr.ac6.mcu.externaltools.arm-none.win32_1.17.0.201812190825/tools/compiler/bin/../lib/gcc/arm-none-eabi/7.3.1/../../../../arm-none-eabi/lib/thumb/v6-m\libc_nano.a
LOAD c:/ac6/systemworkbench/plugins/fr.ac6.mcu.externaltools.arm-none.win32_1.17.0.201812190825/tools/compiler/bin/../lib/gcc/arm-none-eabi/7.3.1/../../../../arm-none-eabi/lib/thumb/v6-m\libnosys.a
END GROUP
LOAD c:/ac6/systemworkbench/plugins/fr.ac6.mcu.externaltools.arm-none.win32_1.17.0.201812190825/tools/compiler/bin/../lib/gcc/arm-none-eabi/7.3.1/thumb/v6-m/crtend.o
LOAD c:/ac6/systemworkbench/plugins/fr.ac6.mcu.externaltools.arm-none.win32_1.17.0.201812190825/tools/compiler/bin/../lib/gcc/arm-none-eabi/7.3.1/thumb/v6-m/crtn.o
                0x20002000                _estack = 0x20002000
                0x00000200                _Min_Heap_Size = 0x200
                0x00000400                _Min_Stack_Size = 0x400

.isr_vector     0x08000000       0xc0
                0x08000000                . = ALIGN (0x4)
 *(.isr_vector)
 .isr_vector    0x08000000       0xc0 startup/startup_stm32f051x8.o
                0x08000000                g_pfnVectors
                0x080000c0                . = ALIGN (0x4)

.text           0x080000c0     0x1748
                0x080000c0                . = ALIGN (0x4)
 *(.text)
 .text          0x080000c0       0x48 c:/ac6/systemworkbench/plugins/fr.ac6.mcu.externaltools.arm-none.win32_1.17.0.201812190825/tools/compiler/bin/../lib/gcc/arm-none-eabi/7.3.1/thumb/v6-m/crtbegin.o
 .text          0x08000108      0x114 c:/ac6/systemworkbench/plugins/fr.ac6.mcu.externaltools.arm-none.win32_1.17.0.201812190825/tools/compiler/bin/../lib/gcc/arm-none-eabi/7.3.1/thumb/v6-m\libgcc.a(_udivsi3.o)
                0x08000108                __aeabi_uidiv
                0x08000108                __udivsi3
                0x08000214                __aeabi_uidivmod
 .text          0x0800021c        0x4 c:/ac6/systemworkbench/plugins/fr.ac6.mcu.externaltools.arm-none.win32_1.17.0.201812190825/tools/compiler/bin/../lib/gcc/arm-none-eabi/7.3.1/thumb/v6-m\libgcc.a(_dvmd_tls.o)
                0x0800021c                __aeabi_idiv0
                0x0800021c                __aeabi_ldiv0
 .text          0x08000220        0xe c:/ac6/systemworkbench/plugins/fr.ac6.mcu.externaltools.arm-none.win32_1.17.0.201812190825/tools/compiler/bin/../lib/gcc/arm-none-eabi/7.3.1/../../../../arm-none-eabi/lib/thumb/v6-m\libc_nano.a(lib_a-strlen.o)
                0x08000220                strlen
 *(.text*)
 .text.HAL_InitTick
                0x0800022e       0x24 Drivers/STM32F0xx_HAL_Driver/Src/stm32f0xx_hal.o
                0x0800022e                HAL_InitTick
 *fill*         0x08000252        0x2 
 .text.HAL_Init
                0x08000254       0x20 Drivers/STM32F0xx_HAL_Driver/Src/stm32f0xx_hal.o
                0x08000254                HAL_Init
 .text.HAL_IncTick
                0x08000274       0x10 Drivers/STM32F0xx_HAL_Driver/Src/stm32f0xx_hal.o
                0x08000274                HAL_IncTick
 .text.HAL_GetTick
                0x08000284        0xc Drivers/STM32F0xx_HAL_Driver/Src/stm32f0xx_hal.o
                0x08000284                HAL_GetTick
 .text.HAL_NVIC_SetPriority
                0x08000290       0x60 Drivers/STM32F0xx_HAL_Driver/Src/stm32f0xx_hal_cortex.o
                0x08000290                HAL_NVIC_SetPriority
 .text.HAL_NVIC_EnableIRQ
                0x080002f0       0x14 Drivers/STM32F0xx_HAL_Driver/Src/stm32f0xx_hal_cortex.o
                0x080002f0                HAL_NVIC_EnableIRQ
 .text.HAL_SYSTICK_Config
                0x08000304       0x38 Drivers/STM32F0xx_HAL_Driver/Src/stm32f0xx_hal_cortex.o
                0x08000304                HAL_SYSTICK_Config
 .text.HAL_DMA_Abort_IT
                0x0800033c       0x4a Drivers/STM32F0xx_HAL_Driver/Src/stm32f0xx_hal_dma.o
                0x0800033c                HAL_DMA_Abort_IT
 *fill*         0x08000386        0x2 
 .text.HAL_GPIO_Init
                0x08000388      0x18c Drivers/STM32F0xx_HAL_Driver/Src/stm32f0xx_hal_gpio.o
                0x08000388                HAL_GPIO_Init
 .text.HAL_GPIO_WritePin
                0x08000514        0xc Drivers/STM32F0xx_HAL_Driver/Src/stm32f0xx_hal_gpio.o
                0x08000514                HAL_GPIO_WritePin
 .text.HAL_RCC_OscConfig
                0x08000520      0x454 Drivers/STM32F0xx_HAL_Driver/Src/stm32f0xx_hal_rcc.o
                0x08000520                HAL_RCC_OscConfig
 .text.HAL_RCC_GetSysClockFreq
                0x08000974       0x70 Drivers/STM32F0xx_HAL_Driver/Src/stm32f0xx_hal_rcc.o
                0x08000974                HAL_RCC_GetSysClockFreq
 .text.HAL_RCC_ClockConfig
                0x080009e4      0x154 Drivers/STM32F0xx_HAL_Driver/Src/stm32f0xx_hal_rcc.o
                0x080009e4                HAL_RCC_ClockConfig
 .text.HAL_RCC_GetHCLKFreq
                0x08000b38        0xc Drivers/STM32F0xx_HAL_Driver/Src/stm32f0xx_hal_rcc.o
                0x08000b38                HAL_RCC_GetHCLKFreq
 .text.HAL_RCC_GetPCLK1Freq
                0x08000b44       0x20 Drivers/STM32F0xx_HAL_Driver/Src/stm32f0xx_hal_rcc.o
                0x08000b44                HAL_RCC_GetPCLK1Freq
 .text.HAL_RCCEx_PeriphCLKConfig
                0x08000b64      0x12c Drivers/STM32F0xx_HAL_Driver/Src/stm32f0xx_hal_rcc_ex.o
                0x08000b64                HAL_RCCEx_PeriphCLKConfig
 .text.UART_EndRxTransfer
                0x08000c90       0x24 Drivers/STM32F0xx_HAL_Driver/Src/stm32f0xx_hal_uart.o
 .text.HAL_UART_Receive_IT
                0x08000cb4       0xb4 Drivers/STM32F0xx_HAL_Driver/Src/stm32f0xx_hal_uart.o
                0x08000cb4                HAL_UART_Receive_IT
 .text.HAL_UART_TxCpltCallback
                0x08000d68        0x2 Drivers/STM32F0xx_HAL_Driver/Src/stm32f0xx_hal_uart.o
                0x08000d68                HAL_UART_TxCpltCallback
 .text.HAL_UART_ErrorCallback
                0x08000d6a        0x2 Drivers/STM32F0xx_HAL_Driver/Src/stm32f0xx_hal_uart.o
                0x08000d6a                HAL_UART_ErrorCallback
 .text.UART_DMAAbortOnError
                0x08000d6c       0x14 Drivers/STM32F0xx_HAL_Driver/Src/stm32f0xx_hal_uart.o
 .text.UART_SetConfig
                0x08000d80      0x1b8 Drivers/STM32F0xx_HAL_Driver/Src/stm32f0xx_hal_uart.o
                0x08000d80                UART_SetConfig
 .text.UART_AdvFeatureConfig
                0x08000f38       0xe0 Drivers/STM32F0xx_HAL_Driver/Src/stm32f0xx_hal_uart.o
                0x08000f38                UART_AdvFeatureConfig
 .text.UART_WaitOnFlagUntilTimeout
                0x08001018       0x6c Drivers/STM32F0xx_HAL_Driver/Src/stm32f0xx_hal_uart.o
                0x08001018                UART_WaitOnFlagUntilTimeout
 .text.HAL_UART_Transmit
                0x08001084       0xe2 Drivers/STM32F0xx_HAL_Driver/Src/stm32f0xx_hal_uart.o
                0x08001084                HAL_UART_Transmit
 *fill*         0x08001166        0x2 
 .text.UART_CheckIdleState
                0x08001168       0x78 Drivers/STM32F0xx_HAL_Driver/Src/stm32f0xx_hal_uart.o
                0x08001168                UART_CheckIdleState
 .text.HAL_UART_Init
                0x080011e0       0x70 Drivers/STM32F0xx_HAL_Driver/Src/stm32f0xx_hal_uart.o
                0x080011e0                HAL_UART_Init
 .text.UART_Transmit_IT
                0x08001250       0x6c Drivers/STM32F0xx_HAL_Driver/Src/stm32f0xx_hal_uart.o
                0x08001250                UART_Transmit_IT
 .text.UART_EndTransmit_IT
                0x080012bc       0x1a Drivers/STM32F0xx_HAL_Driver/Src/stm32f0xx_hal_uart.o
                0x080012bc                UART_EndTransmit_IT
 *fill*         0x080012d6        0x2 
 .text.UART_Receive_IT
                0x080012d8       0x88 Drivers/STM32F0xx_HAL_Driver/Src/stm32f0xx_hal_uart.o
                0x080012d8                UART_Receive_IT
 .text.HAL_UART_IRQHandler
                0x08001360      0x144 Drivers/STM32F0xx_HAL_Driver/Src/stm32f0xx_hal_uart.o
                0x08001360                HAL_UART_IRQHandler
 .text.HAL_UARTEx_WakeupCallback
                0x080014a4        0x2 Drivers/STM32F0xx_HAL_Driver/Src/stm32f0xx_hal_uart_ex.o
                0x080014a4                HAL_UARTEx_WakeupCallback
 *fill*         0x080014a6        0x2 
 .text.MX_GPIO_Init
                0x080014a8       0x7c Src/main.o
 .text.MX_USART1_UART_Init
                0x08001524       0x30 Src/main.o
 .text.HAL_UART_RxCpltCallback
                0x08001554       0x18 Src/main.o
                0x08001554                HAL_UART_RxCpltCallback
 .text.transmitString
                0x0800156c       0x1c Src/main.o
                0x0800156c                transmitString
 .text.SystemClock_Config
                0x08001588       0x5e Src/main.o
                0x08001588                SystemClock_Config
 *fill*         0x080015e6        0x2 
 .text.main     0x080015e8       0x34 Src/main.o
                0x080015e8                main
 .text.HAL_MspInit
                0x0800161c       0x30 Src/stm32f0xx_hal_msp.o
                0x0800161c                HAL_MspInit
 .text.HAL_UART_MspInit
                0x0800164c       0x78 Src/stm32f0xx_hal_msp.o
                0x0800164c                HAL_UART_MspInit
 .text.NMI_Handler
                0x080016c4        0x2 Src/stm32f0xx_it.o
                0x080016c4                NMI_Handler
 .text.HardFault_Handler
                0x080016c6        0x2 Src/stm32f0xx_it.o
                0x080016c6                HardFault_Handler
 .text.SVC_Handler
                0x080016c8        0x2 Src/stm32f0xx_it.o
                0x080016c8                SVC_Handler
 .text.PendSV_Handler
                0x080016ca        0x2 Src/stm32f0xx_it.o
                0x080016ca                PendSV_Handler
 .text.SysTick_Handler
                0x080016cc        0x8 Src/stm32f0xx_it.o
                0x080016cc                SysTick_Handler
 .text.USART1_IRQHandler
                0x080016d4       0x10 Src/stm32f0xx_it.o
                0x080016d4                USART1_IRQHandler
 .text.SystemInit
                0x080016e4       0x60 Src/system_stm32f0xx.o
                0x080016e4                SystemInit
 .text.Reset_Handler
                0x08001744       0x50 startup/startup_stm32f051x8.o
                0x08001744                Reset_Handler
 .text.Default_Handler
                0x08001794        0x2 startup/startup_stm32f051x8.o
                0x08001794                TIM1_CC_IRQHandler
                0x08001794                TSC_IRQHandler
                0x08001794                ADC1_COMP_IRQHandler
                0x08001794                PVD_IRQHandler
                0x08001794                I2C1_IRQHandler
                0x08001794                RCC_CRS_IRQHandler
                0x08001794                SPI1_IRQHandler
                0x08001794                TIM6_DAC_IRQHandler
                0x08001794                EXTI2_3_IRQHandler
                0x08001794                I2C2_IRQHandler
                0x08001794                TIM17_IRQHandler
                0x08001794                CEC_CAN_IRQHandler
                0x08001794                RTC_IRQHandler
                0x08001794                TIM16_IRQHandler
                0x08001794                TIM3_IRQHandler
                0x08001794                EXTI4_15_IRQHandler
                0x08001794                DMA1_Channel1_IRQHandler
                0x08001794                Default_Handler
                0x08001794                TIM14_IRQHandler
                0x08001794                DMA1_Channel4_5_IRQHandler
                0x08001794                TIM15_IRQHandler
                0x08001794                EXTI0_1_IRQHandler
                0x08001794                SPI2_IRQHandler
                0x08001794                WWDG_IRQHandler
                0x08001794                TIM2_IRQHandler
                0x08001794                DMA1_Channel2_3_IRQHandler
                0x08001794                USART2_IRQHandler
                0x08001794                FLASH_IRQHandler
                0x08001794                TIM1_BRK_UP_TRG_COM_IRQHandler
 *fill*         0x08001796        0x2 
 .text.__libc_init_array
                0x08001798       0x48 c:/ac6/systemworkbench/plugins/fr.ac6.mcu.externaltools.arm-none.win32_1.17.0.201812190825/tools/compiler/bin/../lib/gcc/arm-none-eabi/7.3.1/../../../../arm-none-eabi/lib/thumb/v6-m\libc_nano.a(lib_a-init.o)
                0x08001798                __libc_init_array
 .text.memset   0x080017e0       0x10 c:/ac6/systemworkbench/plugins/fr.ac6.mcu.externaltools.arm-none.win32_1.17.0.201812190825/tools/compiler/bin/../lib/gcc/arm-none-eabi/7.3.1/../../../../arm-none-eabi/lib/thumb/v6-m\libc_nano.a(lib_a-memset.o)
                0x080017e0                memset
 *(.glue_7)
 .glue_7        0x080017f0        0x0 linker stubs
 *(.glue_7t)
 .glue_7t       0x080017f0        0x0 linker stubs
 *(.eh_frame)
 .eh_frame      0x080017f0        0x0 c:/ac6/systemworkbench/plugins/fr.ac6.mcu.externaltools.arm-none.win32_1.17.0.201812190825/tools/compiler/bin/../lib/gcc/arm-none-eabi/7.3.1/thumb/v6-m/crtbegin.o
 *(.init)
 .init          0x080017f0        0x4 c:/ac6/systemworkbench/plugins/fr.ac6.mcu.externaltools.arm-none.win32_1.17.0.201812190825/tools/compiler/bin/../lib/gcc/arm-none-eabi/7.3.1/thumb/v6-m/crti.o
                0x080017f0                _init
 .init          0x080017f4        0x8 c:/ac6/systemworkbench/plugins/fr.ac6.mcu.externaltools.arm-none.win32_1.17.0.201812190825/tools/compiler/bin/../lib/gcc/arm-none-eabi/7.3.1/thumb/v6-m/crtn.o
 *(.fini)
 .fini          0x080017fc        0x4 c:/ac6/systemworkbench/plugins/fr.ac6.mcu.externaltools.arm-none.win32_1.17.0.201812190825/tools/compiler/bin/../lib/gcc/arm-none-eabi/7.3.1/thumb/v6-m/crti.o
                0x080017fc                _fini
 .fini          0x08001800        0x8 c:/ac6/systemworkbench/plugins/fr.ac6.mcu.externaltools.arm-none.win32_1.17.0.201812190825/tools/compiler/bin/../lib/gcc/arm-none-eabi/7.3.1/thumb/v6-m/crtn.o
                0x08001808                . = ALIGN (0x4)
                0x08001808                _etext = .

.vfp11_veneer   0x08001808        0x0
 .vfp11_veneer  0x08001808        0x0 linker stubs

.v4_bx          0x08001808        0x0
 .v4_bx         0x08001808        0x0 linker stubs

.iplt           0x08001808        0x0
 .iplt          0x08001808        0x0 c:/ac6/systemworkbench/plugins/fr.ac6.mcu.externaltools.arm-none.win32_1.17.0.201812190825/tools/compiler/bin/../lib/gcc/arm-none-eabi/7.3.1/thumb/v6-m/crtbegin.o

.rodata         0x08001808       0x48
                0x08001808                . = ALIGN (0x4)
 *(.rodata)
 .rodata        0x08001808       0x20 Drivers/STM32F0xx_HAL_Driver/Src/stm32f0xx_hal_rcc.o
 .rodata        0x08001828       0x18 Src/system_stm32f0xx.o
                0x08001828                AHBPrescTable
                0x08001838                APBPrescTable
 *(.rodata*)
 .rodata.str1.4
                0x08001840       0x10 Src/main.o
                                  0xd (size before relaxing)
                0x08001850                . = ALIGN (0x4)

.rel.dyn        0x08001850        0x0
 .rel.iplt      0x08001850        0x0 c:/ac6/systemworkbench/plugins/fr.ac6.mcu.externaltools.arm-none.win32_1.17.0.201812190825/tools/compiler/bin/../lib/gcc/arm-none-eabi/7.3.1/thumb/v6-m/crtbegin.o

.ARM.extab
 *(.ARM.extab* .gnu.linkonce.armextab.*)

.ARM            0x08001850        0x0
                0x08001850                __exidx_start = .
 *(.ARM.exidx*)
                0x08001850                __exidx_end = .

.preinit_array  0x08001850        0x0
                0x08001850                PROVIDE (__preinit_array_start = .)
 *(.preinit_array*)
                0x08001850                PROVIDE (__preinit_array_end = .)

.init_array     0x08001850        0x4
                0x08001850                PROVIDE (__init_array_start = .)
 *(SORT_BY_NAME(.init_array.*))
 *(.init_array*)
 .init_array    0x08001850        0x4 c:/ac6/systemworkbench/plugins/fr.ac6.mcu.externaltools.arm-none.win32_1.17.0.201812190825/tools/compiler/bin/../lib/gcc/arm-none-eabi/7.3.1/thumb/v6-m/crtbegin.o
                0x08001854                PROVIDE (__init_array_end = .)

.fini_array     0x08001854        0x4
                [!provide]                PROVIDE (__fini_array_start = .)
 *(SORT_BY_NAME(.fini_array.*))
 *(.fini_array*)
 .fini_array    0x08001854        0x4 c:/ac6/systemworkbench/plugins/fr.ac6.mcu.externaltools.arm-none.win32_1.17.0.201812190825/tools/compiler/bin/../lib/gcc/arm-none-eabi/7.3.1/thumb/v6-m/crtbegin.o
                [!provide]                PROVIDE (__fini_array_end = .)
                0x08001858                _sidata = LOADADDR (.data)

.data           0x20000000        0x4 load address 0x08001858
                0x20000000                . = ALIGN (0x4)
                0x20000000                _sdata = .
 *(.data)
 .data          0x20000000        0x4 Src/system_stm32f0xx.o
                0x20000000                SystemCoreClock
 *(.data*)
                0x20000004                . = ALIGN (0x4)
                0x20000004                _edata = .

.igot.plt       0x20000004        0x0 load address 0x0800185c
 .igot.plt      0x20000004        0x0 c:/ac6/systemworkbench/plugins/fr.ac6.mcu.externaltools.arm-none.win32_1.17.0.201812190825/tools/compiler/bin/../lib/gcc/arm-none-eabi/7.3.1/thumb/v6-m/crtbegin.o
                0x20000004                . = ALIGN (0x4)

.bss            0x20000004       0x94 load address 0x0800185c
                0x20000004                _sbss = .
                0x20000004                __bss_start__ = _sbss
 *(.bss)
 .bss           0x20000004       0x1c c:/ac6/systemworkbench/plugins/fr.ac6.mcu.externaltools.arm-none.win32_1.17.0.201812190825/tools/compiler/bin/../lib/gcc/arm-none-eabi/7.3.1/thumb/v6-m/crtbegin.o
 .bss           0x20000020        0x2 Src/main.o
 *(.bss*)
 *(COMMON)
 *fill*         0x20000022        0x2 
 COMMON         0x20000024        0x4 Drivers/STM32F0xx_HAL_Driver/Src/stm32f0xx_hal.o
                0x20000024                uwTick
 COMMON         0x20000028       0x70 Src/main.o
                0x20000028                huart1
                0x20000098                . = ALIGN (0x4)
                0x20000098                _ebss = .
                0x20000098                __bss_end__ = _ebss

._user_heap_stack
                0x20000098      0x600 load address 0x0800185c
                0x20000098                . = ALIGN (0x8)
                [!provide]                PROVIDE (end = .)
                [!provide]                PROVIDE (_end = .)
                0x20000298                . = (. + _Min_Heap_Size)
 *fill*         0x20000098      0x200 
                0x20000698                . = (. + _Min_Stack_Size)
 *fill*         0x20000298      0x400 
                0x20000698                . = ALIGN (0x8)

/DISCARD/
 libc.a(*)
 libm.a(*)
 libgcc.a(*)

.ARM.attributes
                0x00000000       0x28
 *(.ARM.attributes)
 .ARM.attributes
                0x00000000       0x1e c:/ac6/systemworkbench/plugins/fr.ac6.mcu.externaltools.arm-none.win32_1.17.0.201812190825/tools/compiler/bin/../lib/gcc/arm-none-eabi/7.3.1/thumb/v6-m/crti.o
 .ARM.attributes
                0x0000001e       0x2c c:/ac6/systemworkbench/plugins/fr.ac6.mcu.externaltools.arm-none.win32_1.17.0.201812190825/tools/compiler/bin/../lib/gcc/arm-none-eabi/7.3.1/thumb/v6-m/crtbegin.o
 .ARM.attributes
                0x0000004a       0x31 Drivers/STM32F0xx_HAL_Driver/Src/stm32f0xx_hal.o
 .ARM.attributes
                0x0000007b       0x31 Drivers/STM32F0xx_HAL_Driver/Src/stm32f0xx_hal_cortex.o
 .ARM.attributes
                0x000000ac       0x31 Drivers/STM32F0xx_HAL_Driver/Src/stm32f0xx_hal_dma.o
 .ARM.attributes
                0x000000dd       0x31 Drivers/STM32F0xx_HAL_Driver/Src/stm32f0xx_hal_gpio.o
 .ARM.attributes
                0x0000010e       0x31 Drivers/STM32F0xx_HAL_Driver/Src/stm32f0xx_hal_rcc.o
 .ARM.attributes
                0x0000013f       0x31 Drivers/STM32F0xx_HAL_Driver/Src/stm32f0xx_hal_rcc_ex.o
 .ARM.attributes
                0x00000170       0x31 Drivers/STM32F0xx_HAL_Driver/Src/stm32f0xx_hal_uart.o
 .ARM.attributes
                0x000001a1       0x31 Drivers/STM32F0xx_HAL_Driver/Src/stm32f0xx_hal_uart_ex.o
 .ARM.attributes
                0x000001d2       0x31 Src/main.o
 .ARM.attributes
                0x00000203       0x31 Src/stm32f0xx_hal_msp.o
 .ARM.attributes
                0x00000234       0x31 Src/stm32f0xx_it.o
 .ARM.attributes
                0x00000265       0x31 Src/system_stm32f0xx.o
 .ARM.attributes
                0x00000296       0x21 startup/startup_stm32f051x8.o
 .ARM.attributes
                0x000002b7       0x1e c:/ac6/systemworkbench/plugins/fr.ac6.mcu.externaltools.arm-none.win32_1.17.0.201812190825/tools/compiler/bin/../lib/gcc/arm-none-eabi/7.3.1/thumb/v6-m\libgcc.a(_udivsi3.o)
 .ARM.attributes
                0x000002d5       0x1e c:/ac6/systemworkbench/plugins/fr.ac6.mcu.externaltools.arm-none.win32_1.17.0.201812190825/tools/compiler/bin/../lib/gcc/arm-none-eabi/7.3.1/thumb/v6-m\libgcc.a(_dvmd_tls.o)
 .ARM.attributes
                0x000002f3       0x2c c:/ac6/systemworkbench/plugins/fr.ac6.mcu.externaltools.arm-none.win32_1.17.0.201812190825/tools/compiler/bin/../lib/gcc/arm-none-eabi/7.3.1/../../../../arm-none-eabi/lib/thumb/v6-m\libc_nano.a(lib_a-init.o)
 .ARM.attributes
                0x0000031f       0x2c c:/ac6/systemworkbench/plugins/fr.ac6.mcu.externaltools.arm-none.win32_1.17.0.201812190825/tools/compiler/bin/../lib/gcc/arm-none-eabi/7.3.1/../../../../arm-none-eabi/lib/thumb/v6-m\libc_nano.a(lib_a-memset.o)
 .ARM.attributes
                0x0000034b       0x1c c:/ac6/systemworkbench/plugins/fr.ac6.mcu.externaltools.arm-none.win32_1.17.0.201812190825/tools/compiler/bin/../lib/gcc/arm-none-eabi/7.3.1/../../../../arm-none-eabi/lib/thumb/v6-m\libc_nano.a(lib_a-strlen.o)
 .ARM.attributes
                0x00000367       0x1e c:/ac6/systemworkbench/plugins/fr.ac6.mcu.externaltools.arm-none.win32_1.17.0.201812190825/tools/compiler/bin/../lib/gcc/arm-none-eabi/7.3.1/thumb/v6-m/crtn.o
OUTPUT(usart_new.elf elf32-littlearm)

.debug_info     0x00000000     0xce49
 .debug_info    0x00000000      0xe7f Drivers/STM32F0xx_HAL_Driver/Src/stm32f0xx_hal.o
 .debug_info    0x00000e7f      0xfe9 Drivers/STM32F0xx_HAL_Driver/Src/stm32f0xx_hal_cortex.o
 .debug_info    0x00001e68     0x102b Drivers/STM32F0xx_HAL_Driver/Src/stm32f0xx_hal_dma.o
 .debug_info    0x00002e93      0xe6b Drivers/STM32F0xx_HAL_Driver/Src/stm32f0xx_hal_gpio.o
 .debug_info    0x00003cfe     0x114c Drivers/STM32F0xx_HAL_Driver/Src/stm32f0xx_hal_rcc.o
 .debug_info    0x00004e4a      0xc12 Drivers/STM32F0xx_HAL_Driver/Src/stm32f0xx_hal_rcc_ex.o
 .debug_info    0x00005a5c     0x208d Drivers/STM32F0xx_HAL_Driver/Src/stm32f0xx_hal_uart.o
 .debug_info    0x00007ae9     0x11ee Drivers/STM32F0xx_HAL_Driver/Src/stm32f0xx_hal_uart_ex.o
 .debug_info    0x00008cd7     0x158b Src/main.o
 .debug_info    0x0000a262     0x1283 Src/stm32f0xx_hal_msp.o
 .debug_info    0x0000b4e5      0xece Src/stm32f0xx_it.o
 .debug_info    0x0000c3b3      0xa74 Src/system_stm32f0xx.o
 .debug_info    0x0000ce27       0x22 startup/startup_stm32f051x8.o

.debug_abbrev   0x00000000     0x204c
 .debug_abbrev  0x00000000      0x2f6 Drivers/STM32F0xx_HAL_Driver/Src/stm32f0xx_hal.o
 .debug_abbrev  0x000002f6      0x328 Drivers/STM32F0xx_HAL_Driver/Src/stm32f0xx_hal_cortex.o
 .debug_abbrev  0x0000061e      0x2df Drivers/STM32F0xx_HAL_Driver/Src/stm32f0xx_hal_dma.o
 .debug_abbrev  0x000008fd      0x2a7 Drivers/STM32F0xx_HAL_Driver/Src/stm32f0xx_hal_gpio.o
 .debug_abbrev  0x00000ba4      0x2ea Drivers/STM32F0xx_HAL_Driver/Src/stm32f0xx_hal_rcc.o
 .debug_abbrev  0x00000e8e      0x2a5 Drivers/STM32F0xx_HAL_Driver/Src/stm32f0xx_hal_rcc_ex.o
 .debug_abbrev  0x00001133      0x2cb Drivers/STM32F0xx_HAL_Driver/Src/stm32f0xx_hal_uart.o
 .debug_abbrev  0x000013fe      0x2c0 Drivers/STM32F0xx_HAL_Driver/Src/stm32f0xx_hal_uart_ex.o
 .debug_abbrev  0x000016be      0x2f7 Src/main.o
 .debug_abbrev  0x000019b5      0x270 Src/stm32f0xx_hal_msp.o
 .debug_abbrev  0x00001c25      0x210 Src/stm32f0xx_it.o
 .debug_abbrev  0x00001e35      0x205 Src/system_stm32f0xx.o
 .debug_abbrev  0x0000203a       0x12 startup/startup_stm32f051x8.o

.debug_loc      0x00000000     0x348f
 .debug_loc     0x00000000       0x7c Drivers/STM32F0xx_HAL_Driver/Src/stm32f0xx_hal.o
 .debug_loc     0x0000007c      0x393 Drivers/STM32F0xx_HAL_Driver/Src/stm32f0xx_hal_cortex.o
 .debug_loc     0x0000040f      0x7ee Drivers/STM32F0xx_HAL_Driver/Src/stm32f0xx_hal_dma.o
 .debug_loc     0x00000bfd      0x2fe Drivers/STM32F0xx_HAL_Driver/Src/stm32f0xx_hal_gpio.o
 .debug_loc     0x00000efb      0x475 Drivers/STM32F0xx_HAL_Driver/Src/stm32f0xx_hal_rcc.o
 .debug_loc     0x00001370      0x3ed Drivers/STM32F0xx_HAL_Driver/Src/stm32f0xx_hal_rcc_ex.o
 .debug_loc     0x0000175d     0x16c2 Drivers/STM32F0xx_HAL_Driver/Src/stm32f0xx_hal_uart.o
 .debug_loc     0x00002e1f      0x438 Drivers/STM32F0xx_HAL_Driver/Src/stm32f0xx_hal_uart_ex.o
 .debug_loc     0x00003257       0x8c Src/main.o
 .debug_loc     0x000032e3       0x71 Src/stm32f0xx_hal_msp.o
 .debug_loc     0x00003354      0x13b Src/system_stm32f0xx.o

.debug_aranges  0x00000000      0x610
 .debug_aranges
                0x00000000       0xb8 Drivers/STM32F0xx_HAL_Driver/Src/stm32f0xx_hal.o
 .debug_aranges
                0x000000b8       0x78 Drivers/STM32F0xx_HAL_Driver/Src/stm32f0xx_hal_cortex.o
 .debug_aranges
                0x00000130       0x88 Drivers/STM32F0xx_HAL_Driver/Src/stm32f0xx_hal_dma.o
 .debug_aranges
                0x000001b8       0x58 Drivers/STM32F0xx_HAL_Driver/Src/stm32f0xx_hal_gpio.o
 .debug_aranges
                0x00000210       0x80 Drivers/STM32F0xx_HAL_Driver/Src/stm32f0xx_hal_rcc.o
 .debug_aranges
                0x00000290       0x30 Drivers/STM32F0xx_HAL_Driver/Src/stm32f0xx_hal_rcc_ex.o
 .debug_aranges
                0x000002c0      0x1d8 Drivers/STM32F0xx_HAL_Driver/Src/stm32f0xx_hal_uart.o
 .debug_aranges
                0x00000498       0x60 Drivers/STM32F0xx_HAL_Driver/Src/stm32f0xx_hal_uart_ex.o
 .debug_aranges
                0x000004f8       0x50 Src/main.o
 .debug_aranges
                0x00000548       0x30 Src/stm32f0xx_hal_msp.o
 .debug_aranges
                0x00000578       0x48 Src/stm32f0xx_it.o
 .debug_aranges
                0x000005c0       0x28 Src/system_stm32f0xx.o
 .debug_aranges
                0x000005e8       0x28 startup/startup_stm32f051x8.o

.debug_ranges   0x00000000      0x5c0
 .debug_ranges  0x00000000       0xa8 Drivers/STM32F0xx_HAL_Driver/Src/stm32f0xx_hal.o
 .debug_ranges  0x000000a8       0xb0 Drivers/STM32F0xx_HAL_Driver/Src/stm32f0xx_hal_cortex.o
 .debug_ranges  0x00000158       0x78 Drivers/STM32F0xx_HAL_Driver/Src/stm32f0xx_hal_dma.o
 .debug_ranges  0x000001d0       0x48 Drivers/STM32F0xx_HAL_Driver/Src/stm32f0xx_hal_gpio.o
 .debug_ranges  0x00000218       0x88 Drivers/STM32F0xx_HAL_Driver/Src/stm32f0xx_hal_rcc.o
 .debug_ranges  0x000002a0       0x38 Drivers/STM32F0xx_HAL_Driver/Src/stm32f0xx_hal_rcc_ex.o
 .debug_ranges  0x000002d8      0x1c8 Drivers/STM32F0xx_HAL_Driver/Src/stm32f0xx_hal_uart.o
 .debug_ranges  0x000004a0       0x50 Drivers/STM32F0xx_HAL_Driver/Src/stm32f0xx_hal_uart_ex.o
 .debug_ranges  0x000004f0       0x40 Src/main.o
 .debug_ranges  0x00000530       0x20 Src/stm32f0xx_hal_msp.o
 .debug_ranges  0x00000550       0x38 Src/stm32f0xx_it.o
 .debug_ranges  0x00000588       0x18 Src/system_stm32f0xx.o
 .debug_ranges  0x000005a0       0x20 startup/startup_stm32f051x8.o

.debug_macro    0x00000000     0xee54
 .debug_macro   0x00000000      0x317 Drivers/STM32F0xx_HAL_Driver/Src/stm32f0xx_hal.o
 .debug_macro   0x00000317      0xa4e Drivers/STM32F0xx_HAL_Driver/Src/stm32f0xx_hal.o
 .debug_macro   0x00000d65       0xab Drivers/STM32F0xx_HAL_Driver/Src/stm32f0xx_hal.o
 .debug_macro   0x00000e10       0x2e Drivers/STM32F0xx_HAL_Driver/Src/stm32f0xx_hal.o
 .debug_macro   0x00000e3e       0x22 Drivers/STM32F0xx_HAL_Driver/Src/stm32f0xx_hal.o
 .debug_macro   0x00000e60       0x22 Drivers/STM32F0xx_HAL_Driver/Src/stm32f0xx_hal.o
 .debug_macro   0x00000e82       0x8e Drivers/STM32F0xx_HAL_Driver/Src/stm32f0xx_hal.o
 .debug_macro   0x00000f10       0x51 Drivers/STM32F0xx_HAL_Driver/Src/stm32f0xx_hal.o
 .debug_macro   0x00000f61       0xef Drivers/STM32F0xx_HAL_Driver/Src/stm32f0xx_hal.o
 .debug_macro   0x00001050       0x6a Drivers/STM32F0xx_HAL_Driver/Src/stm32f0xx_hal.o
 .debug_macro   0x000010ba      0x1df Drivers/STM32F0xx_HAL_Driver/Src/stm32f0xx_hal.o
 .debug_macro   0x00001299       0x34 Drivers/STM32F0xx_HAL_Driver/Src/stm32f0xx_hal.o
 .debug_macro   0x000012cd       0x26 Drivers/STM32F0xx_HAL_Driver/Src/stm32f0xx_hal.o
 .debug_macro   0x000012f3      0x30d Drivers/STM32F0xx_HAL_Driver/Src/stm32f0xx_hal.o
 .debug_macro   0x00001600     0x8d15 Drivers/STM32F0xx_HAL_Driver/Src/stm32f0xx_hal.o
 .debug_macro   0x0000a315       0x3c Drivers/STM32F0xx_HAL_Driver/Src/stm32f0xx_hal.o
 .debug_macro   0x0000a351       0x5e Drivers/STM32F0xx_HAL_Driver/Src/stm32f0xx_hal.o
 .debug_macro   0x0000a3af       0x18 Drivers/STM32F0xx_HAL_Driver/Src/stm32f0xx_hal.o
 .debug_macro   0x0000a3c7       0x35 Drivers/STM32F0xx_HAL_Driver/Src/stm32f0xx_hal.o
 .debug_macro   0x0000a3fc       0x34 Drivers/STM32F0xx_HAL_Driver/Src/stm32f0xx_hal.o
 .debug_macro   0x0000a430       0x16 Drivers/STM32F0xx_HAL_Driver/Src/stm32f0xx_hal.o
 .debug_macro   0x0000a446       0x97 Drivers/STM32F0xx_HAL_Driver/Src/stm32f0xx_hal.o
 .debug_macro   0x0000a4dd      0x330 Drivers/STM32F0xx_HAL_Driver/Src/stm32f0xx_hal.o
 .debug_macro   0x0000a80d       0xfd Drivers/STM32F0xx_HAL_Driver/Src/stm32f0xx_hal.o
 .debug_macro   0x0000a90a       0x10 Drivers/STM32F0xx_HAL_Driver/Src/stm32f0xx_hal.o
 .debug_macro   0x0000a91a       0x58 Drivers/STM32F0xx_HAL_Driver/Src/stm32f0xx_hal.o
 .debug_macro   0x0000a972       0x1f Drivers/STM32F0xx_HAL_Driver/Src/stm32f0xx_hal.o
 .debug_macro   0x0000a991       0x43 Drivers/STM32F0xx_HAL_Driver/Src/stm32f0xx_hal.o
 .debug_macro   0x0000a9d4       0x20 Drivers/STM32F0xx_HAL_Driver/Src/stm32f0xx_hal.o
 .debug_macro   0x0000a9f4      0x18e Drivers/STM32F0xx_HAL_Driver/Src/stm32f0xx_hal.o
 .debug_macro   0x0000ab82       0x10 Drivers/STM32F0xx_HAL_Driver/Src/stm32f0xx_hal.o
 .debug_macro   0x0000ab92       0x1c Drivers/STM32F0xx_HAL_Driver/Src/stm32f0xx_hal.o
 .debug_macro   0x0000abae       0x52 Drivers/STM32F0xx_HAL_Driver/Src/stm32f0xx_hal.o
 .debug_macro   0x0000ac00       0x40 Drivers/STM32F0xx_HAL_Driver/Src/stm32f0xx_hal.o
 .debug_macro   0x0000ac40       0x10 Drivers/STM32F0xx_HAL_Driver/Src/stm32f0xx_hal.o
 .debug_macro   0x0000ac50       0x40 Drivers/STM32F0xx_HAL_Driver/Src/stm32f0xx_hal.o
 .debug_macro   0x0000ac90       0xd7 Drivers/STM32F0xx_HAL_Driver/Src/stm32f0xx_hal.o
 .debug_macro   0x0000ad67       0x1c Drivers/STM32F0xx_HAL_Driver/Src/stm32f0xx_hal.o
 .debug_macro   0x0000ad83       0x3d Drivers/STM32F0xx_HAL_Driver/Src/stm32f0xx_hal.o
 .debug_macro   0x0000adc0       0x16 Drivers/STM32F0xx_HAL_Driver/Src/stm32f0xx_hal.o
 .debug_macro   0x0000add6      0x16f Drivers/STM32F0xx_HAL_Driver/Src/stm32f0xx_hal.o
 .debug_macro   0x0000af45       0x49 Drivers/STM32F0xx_HAL_Driver/Src/stm32f0xx_hal.o
 .debug_macro   0x0000af8e      0x92f Drivers/STM32F0xx_HAL_Driver/Src/stm32f0xx_hal.o
 .debug_macro   0x0000b8bd      0x252 Drivers/STM32F0xx_HAL_Driver/Src/stm32f0xx_hal.o
 .debug_macro   0x0000bb0f      0x13a Drivers/STM32F0xx_HAL_Driver/Src/stm32f0xx_hal.o
 .debug_macro   0x0000bc49      0x114 Drivers/STM32F0xx_HAL_Driver/Src/stm32f0xx_hal.o
 .debug_macro   0x0000bd5d      0x1ed Drivers/STM32F0xx_HAL_Driver/Src/stm32f0xx_hal.o
 .debug_macro   0x0000bf4a       0x34 Drivers/STM32F0xx_HAL_Driver/Src/stm32f0xx_hal.o
 .debug_macro   0x0000bf7e       0x43 Drivers/STM32F0xx_HAL_Driver/Src/stm32f0xx_hal.o
 .debug_macro   0x0000bfc1       0x28 Drivers/STM32F0xx_HAL_Driver/Src/stm32f0xx_hal.o
 .debug_macro   0x0000bfe9       0xb6 Drivers/STM32F0xx_HAL_Driver/Src/stm32f0xx_hal.o
 .debug_macro   0x0000c09f      0x199 Drivers/STM32F0xx_HAL_Driver/Src/stm32f0xx_hal.o
 .debug_macro   0x0000c238      0x202 Drivers/STM32F0xx_HAL_Driver/Src/stm32f0xx_hal.o
 .debug_macro   0x0000c43a       0x61 Drivers/STM32F0xx_HAL_Driver/Src/stm32f0xx_hal.o
 .debug_macro   0x0000c49b       0x90 Drivers/STM32F0xx_HAL_Driver/Src/stm32f0xx_hal.o
 .debug_macro   0x0000c52b       0x4d Drivers/STM32F0xx_HAL_Driver/Src/stm32f0xx_hal.o
 .debug_macro   0x0000c578      0x114 Drivers/STM32F0xx_HAL_Driver/Src/stm32f0xx_hal.o
 .debug_macro   0x0000c68c      0x38a Drivers/STM32F0xx_HAL_Driver/Src/stm32f0xx_hal.o
 .debug_macro   0x0000ca16      0x1f7 Drivers/STM32F0xx_HAL_Driver/Src/stm32f0xx_hal.o
 .debug_macro   0x0000cc0d      0x10d Drivers/STM32F0xx_HAL_Driver/Src/stm32f0xx_hal.o
 .debug_macro   0x0000cd1a      0x2f3 Drivers/STM32F0xx_HAL_Driver/Src/stm32f0xx_hal_cortex.o
 .debug_macro   0x0000d00d      0x2f3 Drivers/STM32F0xx_HAL_Driver/Src/stm32f0xx_hal_dma.o
 .debug_macro   0x0000d300      0x32b Drivers/STM32F0xx_HAL_Driver/Src/stm32f0xx_hal_gpio.o
 .debug_macro   0x0000d62b      0x305 Drivers/STM32F0xx_HAL_Driver/Src/stm32f0xx_hal_rcc.o
 .debug_macro   0x0000d930      0x2f3 Drivers/STM32F0xx_HAL_Driver/Src/stm32f0xx_hal_rcc_ex.o
 .debug_macro   0x0000dc23      0x2fb Drivers/STM32F0xx_HAL_Driver/Src/stm32f0xx_hal_uart.o
 .debug_macro   0x0000df1e      0x2f3 Drivers/STM32F0xx_HAL_Driver/Src/stm32f0xx_hal_uart_ex.o
 .debug_macro   0x0000e211      0x302 Src/main.o
 .debug_macro   0x0000e513       0x40 Src/main.o
 .debug_macro   0x0000e553      0x302 Src/stm32f0xx_hal_msp.o
 .debug_macro   0x0000e855      0x30c Src/stm32f0xx_it.o
 .debug_macro   0x0000eb61      0x2f3 Src/system_stm32f0xx.o

.debug_line     0x00000000     0x6a4d
 .debug_line    0x00000000      0x85d Drivers/STM32F0xx_HAL_Driver/Src/stm32f0xx_hal.o
 .debug_line    0x0000085d      0x856 Drivers/STM32F0xx_HAL_Driver/Src/stm32f0xx_hal_cortex.o
 .debug_line    0x000010b3      0x935 Drivers/STM32F0xx_HAL_Driver/Src/stm32f0xx_hal_dma.o
 .debug_line    0x000019e8      0x83a Drivers/STM32F0xx_HAL_Driver/Src/stm32f0xx_hal_gpio.o
 .debug_line    0x00002222      0x96f Drivers/STM32F0xx_HAL_Driver/Src/stm32f0xx_hal_rcc.o
 .debug_line    0x00002b91      0x7ef Drivers/STM32F0xx_HAL_Driver/Src/stm32f0xx_hal_rcc_ex.o
 .debug_line    0x00003380     0x10c5 Drivers/STM32F0xx_HAL_Driver/Src/stm32f0xx_hal_uart.o
 .debug_line    0x00004445      0x86a Drivers/STM32F0xx_HAL_Driver/Src/stm32f0xx_hal_uart_ex.o
 .debug_line    0x00004caf      0x785 Src/main.o
 .debug_line    0x00005434      0x734 Src/stm32f0xx_hal_msp.o
 .debug_line    0x00005b68      0x74c Src/stm32f0xx_it.o
 .debug_line    0x000062b4      0x716 Src/system_stm32f0xx.o
 .debug_line    0x000069ca       0x83 startup/startup_stm32f051x8.o

.debug_str      0x00000000    0x4e56a
 .debug_str     0x00000000    0x4cb4c Drivers/STM32F0xx_HAL_Driver/Src/stm32f0xx_hal.o
                              0x4ce2b (size before relaxing)
 .debug_str     0x0004cb4c      0x1f8 Drivers/STM32F0xx_HAL_Driver/Src/stm32f0xx_hal_cortex.o
                              0x4ccd9 (size before relaxing)
 .debug_str     0x0004cd44      0x3f9 Drivers/STM32F0xx_HAL_Driver/Src/stm32f0xx_hal_dma.o
                              0x4ccdb (size before relaxing)
 .debug_str     0x0004d13d      0x294 Drivers/STM32F0xx_HAL_Driver/Src/stm32f0xx_hal_gpio.o
                              0x4cb99 (size before relaxing)
 .debug_str     0x0004d3d1      0x331 Drivers/STM32F0xx_HAL_Driver/Src/stm32f0xx_hal_rcc.o
                              0x4ccfd (size before relaxing)
 .debug_str     0x0004d702      0x139 Drivers/STM32F0xx_HAL_Driver/Src/stm32f0xx_hal_rcc_ex.o
                              0x4ca7e (size before relaxing)
 .debug_str     0x0004d83b      0x90c Drivers/STM32F0xx_HAL_Driver/Src/stm32f0xx_hal_uart.o
                              0x4d4ad (size before relaxing)
 .debug_str     0x0004e147      0x180 Drivers/STM32F0xx_HAL_Driver/Src/stm32f0xx_hal_uart_ex.o
                              0x4cf1f (size before relaxing)
 .debug_str     0x0004e2c7      0x17c Src/main.o
                              0x4d185 (size before relaxing)
 .debug_str     0x0004e443       0x1b Src/stm32f0xx_hal_msp.o
                              0x4d0be (size before relaxing)
 .debug_str     0x0004e45e       0x83 Src/stm32f0xx_it.o
                              0x4ce30 (size before relaxing)
 .debug_str     0x0004e4e1       0x5a Src/system_stm32f0xx.o
                              0x4c8f2 (size before relaxing)
 .debug_str     0x0004e53b       0x2f startup/startup_stm32f051x8.o
                                 0x4a (size before relaxing)

.comment        0x00000000       0x7f
 .comment       0x00000000       0x7f Drivers/STM32F0xx_HAL_Driver/Src/stm32f0xx_hal.o
                                 0x80 (size before relaxing)
 .comment       0x0000007f       0x80 Drivers/STM32F0xx_HAL_Driver/Src/stm32f0xx_hal_cortex.o
 .comment       0x0000007f       0x80 Drivers/STM32F0xx_HAL_Driver/Src/stm32f0xx_hal_dma.o
 .comment       0x0000007f       0x80 Drivers/STM32F0xx_HAL_Driver/Src/stm32f0xx_hal_gpio.o
 .comment       0x0000007f       0x80 Drivers/STM32F0xx_HAL_Driver/Src/stm32f0xx_hal_rcc.o
 .comment       0x0000007f       0x80 Drivers/STM32F0xx_HAL_Driver/Src/stm32f0xx_hal_rcc_ex.o
 .comment       0x0000007f       0x80 Drivers/STM32F0xx_HAL_Driver/Src/stm32f0xx_hal_uart.o
 .comment       0x0000007f       0x80 Drivers/STM32F0xx_HAL_Driver/Src/stm32f0xx_hal_uart_ex.o
 .comment       0x0000007f       0x80 Src/main.o
 .comment       0x0000007f       0x80 Src/stm32f0xx_hal_msp.o
 .comment       0x0000007f       0x80 Src/stm32f0xx_it.o
 .comment       0x0000007f       0x80 Src/system_stm32f0xx.o

.debug_frame    0x00000000      0xe48
 .debug_frame   0x00000000      0x174 Drivers/STM32F0xx_HAL_Driver/Src/stm32f0xx_hal.o
 .debug_frame   0x00000174       0xe4 Drivers/STM32F0xx_HAL_Driver/Src/stm32f0xx_hal_cortex.o
 .debug_frame   0x00000258      0x168 Drivers/STM32F0xx_HAL_Driver/Src/stm32f0xx_hal_dma.o
 .debug_frame   0x000003c0       0xcc Drivers/STM32F0xx_HAL_Driver/Src/stm32f0xx_hal_gpio.o
 .debug_frame   0x0000048c      0x12c Drivers/STM32F0xx_HAL_Driver/Src/stm32f0xx_hal_rcc.o
 .debug_frame   0x000005b8       0x58 Drivers/STM32F0xx_HAL_Driver/Src/stm32f0xx_hal_rcc_ex.o
 .debug_frame   0x00000610      0x500 Drivers/STM32F0xx_HAL_Driver/Src/stm32f0xx_hal_uart.o
 .debug_frame   0x00000b10       0xfc Drivers/STM32F0xx_HAL_Driver/Src/stm32f0xx_hal_uart_ex.o
 .debug_frame   0x00000c0c       0xc0 Src/main.o
 .debug_frame   0x00000ccc       0x58 Src/stm32f0xx_hal_msp.o
 .debug_frame   0x00000d24       0x80 Src/stm32f0xx_it.o
 .debug_frame   0x00000da4       0x38 Src/system_stm32f0xx.o
 .debug_frame   0x00000ddc       0x20 c:/ac6/systemworkbench/plugins/fr.ac6.mcu.externaltools.arm-none.win32_1.17.0.201812190825/tools/compiler/bin/../lib/gcc/arm-none-eabi/7.3.1/thumb/v6-m\libgcc.a(_udivsi3.o)
 .debug_frame   0x00000dfc       0x2c c:/ac6/systemworkbench/plugins/fr.ac6.mcu.externaltools.arm-none.win32_1.17.0.201812190825/tools/compiler/bin/../lib/gcc/arm-none-eabi/7.3.1/../../../../arm-none-eabi/lib/thumb/v6-m\libc_nano.a(lib_a-init.o)
 .debug_frame   0x00000e28       0x20 c:/ac6/systemworkbench/plugins/fr.ac6.mcu.externaltools.arm-none.win32_1.17.0.201812190825/tools/compiler/bin/../lib/gcc/arm-none-eabi/7.3.1/../../../../arm-none-eabi/lib/thumb/v6-m\libc_nano.a(lib_a-memset.o)
