07:41:19 **** Build of configuration Debug for project usart_new ****
make all 
Building file: ../startup/startup_stm32f051x8.s
Invoking: MCU GCC Assembler
C:\477sp19\usart_new\Debug
arm-none-eabi-as -mcpu=cortex-m0 -mthumb -mfloat-abi=soft -g -o "startup/startup_stm32f051x8.o" "../startup/startup_stm32f051x8.s"
Finished building: ../startup/startup_stm32f051x8.s
 
Building file: ../Src/main.c
Invoking: MCU GCC Compiler
C:\477sp19\usart_new\Debug
arm-none-eabi-gcc -mcpu=cortex-m0 -mthumb -mfloat-abi=soft '-D__weak=__attribute__((weak))' '-D__packed=__attribute__((__packed__))' -DUSE_HAL_DRIVER -DSTM32F051x8 -I"C:/477sp19/usart_new/Inc" -I"C:/477sp19/usart_new/Drivers/STM32F0xx_HAL_Driver/Inc" -I"C:/477sp19/usart_new/Drivers/STM32F0xx_HAL_Driver/Inc/Legacy" -I"C:/477sp19/usart_new/Drivers/CMSIS/Device/ST/STM32F0xx/Include" -I"C:/477sp19/usart_new/Drivers/CMSIS/Include"  -Og -g3 -Wall -fmessage-length=0 -ffunction-sections -c -fmessage-length=0 -MMD -MP -MF"Src/main.d" -MT"Src/main.o" -o "Src/main.o" "../Src/main.c"
../Src/main.c: In function 'HAL_UART_RxCpltCallback':
../Src/main.c:99:34: warning: pointer targets in passing argument 2 of 'HAL_UART_Receive_IT' differ in signedness [-Wpointer-sign]
     HAL_UART_Receive_IT(&huart1, input, 1);
                                  ^~~~~
In file included from C:/477sp19/usart_new/Inc/stm32f0xx_hal_conf.h:289:0,
                 from C:/477sp19/usart_new/Drivers/STM32F0xx_HAL_Driver/Inc/stm32f0xx_hal.h:46,
                 from C:/477sp19/usart_new/Inc/main.h:51,
                 from ../Src/main.c:42:
C:/477sp19/usart_new/Drivers/STM32F0xx_HAL_Driver/Inc/stm32f0xx_hal_uart.h:1301:19: note: expected 'uint8_t * {aka unsigned char *}' but argument is of type 'char *'
 HAL_StatusTypeDef HAL_UART_Receive_IT(UART_HandleTypeDef *huart, uint8_t *pData, uint16_t Size);
                   ^~~~~~~~~~~~~~~~~~~
../Src/main.c:79:13: warning: unused variable 'i' [-Wunused-variable]
     uint8_t i;
             ^
../Src/main.c: In function 'transmitString':
../Src/main.c:103:18: warning: implicit declaration of function 'strlen' [-Wimplicit-function-declaration]
     int length = strlen(output);
                  ^~~~~~
../Src/main.c:103:18: warning: incompatible implicit declaration of built-in function 'strlen'
../Src/main.c:103:18: note: include '<string.h>' or provide a declaration of 'strlen'
../Src/main.c:104:30: warning: pointer targets in passing argument 2 of 'HAL_UART_Transmit' differ in signedness [-Wpointer-sign]
     HAL_UART_Transmit(huart, output, length, 1000);
                              ^~~~~~
In file included from C:/477sp19/usart_new/Inc/stm32f0xx_hal_conf.h:289:0,
                 from C:/477sp19/usart_new/Drivers/STM32F0xx_HAL_Driver/Inc/stm32f0xx_hal.h:46,
                 from C:/477sp19/usart_new/Inc/main.h:51,
                 from ../Src/main.c:42:
C:/477sp19/usart_new/Drivers/STM32F0xx_HAL_Driver/Inc/stm32f0xx_hal_uart.h:1298:19: note: expected 'uint8_t * {aka unsigned char *}' but argument is of type 'char *'
 HAL_StatusTypeDef HAL_UART_Transmit(UART_HandleTypeDef *huart, uint8_t *pData, uint16_t Size, uint32_t Timeout);
                   ^~~~~~~~~~~~~~~~~
../Src/main.c: In function 'main':
../Src/main.c:145:32: warning: pointer targets in passing argument 2 of 'HAL_UART_Receive_IT' differ in signedness [-Wpointer-sign]
   HAL_UART_Receive_IT(&huart1, input, 1);
                                ^~~~~
In file included from C:/477sp19/usart_new/Inc/stm32f0xx_hal_conf.h:289:0,
                 from C:/477sp19/usart_new/Drivers/STM32F0xx_HAL_Driver/Inc/stm32f0xx_hal.h:46,
                 from C:/477sp19/usart_new/Inc/main.h:51,
                 from ../Src/main.c:42:
C:/477sp19/usart_new/Drivers/STM32F0xx_HAL_Driver/Inc/stm32f0xx_hal_uart.h:1301:19: note: expected 'uint8_t * {aka unsigned char *}' but argument is of type 'char *'
 HAL_StatusTypeDef HAL_UART_Receive_IT(UART_HandleTypeDef *huart, uint8_t *pData, uint16_t Size);
                   ^~~~~~~~~~~~~~~~~~~
Finished building: ../Src/main.c
 
Building file: ../Src/stm32f0xx_hal_msp.c
Invoking: MCU GCC Compiler
C:\477sp19\usart_new\Debug
arm-none-eabi-gcc -mcpu=cortex-m0 -mthumb -mfloat-abi=soft '-D__weak=__attribute__((weak))' '-D__packed=__attribute__((__packed__))' -DUSE_HAL_DRIVER -DSTM32F051x8 -I"C:/477sp19/usart_new/Inc" -I"C:/477sp19/usart_new/Drivers/STM32F0xx_HAL_Driver/Inc" -I"C:/477sp19/usart_new/Drivers/STM32F0xx_HAL_Driver/Inc/Legacy" -I"C:/477sp19/usart_new/Drivers/CMSIS/Device/ST/STM32F0xx/Include" -I"C:/477sp19/usart_new/Drivers/CMSIS/Include"  -Og -g3 -Wall -fmessage-length=0 -ffunction-sections -c -fmessage-length=0 -MMD -MP -MF"Src/stm32f0xx_hal_msp.d" -MT"Src/stm32f0xx_hal_msp.o" -o "Src/stm32f0xx_hal_msp.o" "../Src/stm32f0xx_hal_msp.c"
Finished building: ../Src/stm32f0xx_hal_msp.c
 
Building file: ../Src/stm32f0xx_it.c
Invoking: MCU GCC Compiler
C:\477sp19\usart_new\Debug
arm-none-eabi-gcc -mcpu=cortex-m0 -mthumb -mfloat-abi=soft '-D__weak=__attribute__((weak))' '-D__packed=__attribute__((__packed__))' -DUSE_HAL_DRIVER -DSTM32F051x8 -I"C:/477sp19/usart_new/Inc" -I"C:/477sp19/usart_new/Drivers/STM32F0xx_HAL_Driver/Inc" -I"C:/477sp19/usart_new/Drivers/STM32F0xx_HAL_Driver/Inc/Legacy" -I"C:/477sp19/usart_new/Drivers/CMSIS/Device/ST/STM32F0xx/Include" -I"C:/477sp19/usart_new/Drivers/CMSIS/Include"  -Og -g3 -Wall -fmessage-length=0 -ffunction-sections -c -fmessage-length=0 -MMD -MP -MF"Src/stm32f0xx_it.d" -MT"Src/stm32f0xx_it.o" -o "Src/stm32f0xx_it.o" "../Src/stm32f0xx_it.c"
Finished building: ../Src/stm32f0xx_it.c
 
Building file: ../Src/system_stm32f0xx.c
Invoking: MCU GCC Compiler
C:\477sp19\usart_new\Debug
arm-none-eabi-gcc -mcpu=cortex-m0 -mthumb -mfloat-abi=soft '-D__weak=__attribute__((weak))' '-D__packed=__attribute__((__packed__))' -DUSE_HAL_DRIVER -DSTM32F051x8 -I"C:/477sp19/usart_new/Inc" -I"C:/477sp19/usart_new/Drivers/STM32F0xx_HAL_Driver/Inc" -I"C:/477sp19/usart_new/Drivers/STM32F0xx_HAL_Driver/Inc/Legacy" -I"C:/477sp19/usart_new/Drivers/CMSIS/Device/ST/STM32F0xx/Include" -I"C:/477sp19/usart_new/Drivers/CMSIS/Include"  -Og -g3 -Wall -fmessage-length=0 -ffunction-sections -c -fmessage-length=0 -MMD -MP -MF"Src/system_stm32f0xx.d" -MT"Src/system_stm32f0xx.o" -o "Src/system_stm32f0xx.o" "../Src/system_stm32f0xx.c"
Finished building: ../Src/system_stm32f0xx.c
 
Building file: ../Drivers/STM32F0xx_HAL_Driver/Src/stm32f0xx_hal.c
Invoking: MCU GCC Compiler
C:\477sp19\usart_new\Debug
arm-none-eabi-gcc -mcpu=cortex-m0 -mthumb -mfloat-abi=soft '-D__weak=__attribute__((weak))' '-D__packed=__attribute__((__packed__))' -DUSE_HAL_DRIVER -DSTM32F051x8 -I"C:/477sp19/usart_new/Inc" -I"C:/477sp19/usart_new/Drivers/STM32F0xx_HAL_Driver/Inc" -I"C:/477sp19/usart_new/Drivers/STM32F0xx_HAL_Driver/Inc/Legacy" -I"C:/477sp19/usart_new/Drivers/CMSIS/Device/ST/STM32F0xx/Include" -I"C:/477sp19/usart_new/Drivers/CMSIS/Include"  -Og -g3 -Wall -fmessage-length=0 -ffunction-sections -c -fmessage-length=0 -MMD -MP -MF"Drivers/STM32F0xx_HAL_Driver/Src/stm32f0xx_hal.d" -MT"Drivers/STM32F0xx_HAL_Driver/Src/stm32f0xx_hal.o" -o "Drivers/STM32F0xx_HAL_Driver/Src/stm32f0xx_hal.o" "../Drivers/STM32F0xx_HAL_Driver/Src/stm32f0xx_hal.c"
Finished building: ../Drivers/STM32F0xx_HAL_Driver/Src/stm32f0xx_hal.c
 
Building file: ../Drivers/STM32F0xx_HAL_Driver/Src/stm32f0xx_hal_cortex.c
Invoking: MCU GCC Compiler
C:\477sp19\usart_new\Debug
arm-none-eabi-gcc -mcpu=cortex-m0 -mthumb -mfloat-abi=soft '-D__weak=__attribute__((weak))' '-D__packed=__attribute__((__packed__))' -DUSE_HAL_DRIVER -DSTM32F051x8 -I"C:/477sp19/usart_new/Inc" -I"C:/477sp19/usart_new/Drivers/STM32F0xx_HAL_Driver/Inc" -I"C:/477sp19/usart_new/Drivers/STM32F0xx_HAL_Driver/Inc/Legacy" -I"C:/477sp19/usart_new/Drivers/CMSIS/Device/ST/STM32F0xx/Include" -I"C:/477sp19/usart_new/Drivers/CMSIS/Include"  -Og -g3 -Wall -fmessage-length=0 -ffunction-sections -c -fmessage-length=0 -MMD -MP -MF"Drivers/STM32F0xx_HAL_Driver/Src/stm32f0xx_hal_cortex.d" -MT"Drivers/STM32F0xx_HAL_Driver/Src/stm32f0xx_hal_cortex.o" -o "Drivers/STM32F0xx_HAL_Driver/Src/stm32f0xx_hal_cortex.o" "../Drivers/STM32F0xx_HAL_Driver/Src/stm32f0xx_hal_cortex.c"
Finished building: ../Drivers/STM32F0xx_HAL_Driver/Src/stm32f0xx_hal_cortex.c
 
Building file: ../Drivers/STM32F0xx_HAL_Driver/Src/stm32f0xx_hal_dma.c
Invoking: MCU GCC Compiler
C:\477sp19\usart_new\Debug
arm-none-eabi-gcc -mcpu=cortex-m0 -mthumb -mfloat-abi=soft '-D__weak=__attribute__((weak))' '-D__packed=__attribute__((__packed__))' -DUSE_HAL_DRIVER -DSTM32F051x8 -I"C:/477sp19/usart_new/Inc" -I"C:/477sp19/usart_new/Drivers/STM32F0xx_HAL_Driver/Inc" -I"C:/477sp19/usart_new/Drivers/STM32F0xx_HAL_Driver/Inc/Legacy" -I"C:/477sp19/usart_new/Drivers/CMSIS/Device/ST/STM32F0xx/Include" -I"C:/477sp19/usart_new/Drivers/CMSIS/Include"  -Og -g3 -Wall -fmessage-length=0 -ffunction-sections -c -fmessage-length=0 -MMD -MP -MF"Drivers/STM32F0xx_HAL_Driver/Src/stm32f0xx_hal_dma.d" -MT"Drivers/STM32F0xx_HAL_Driver/Src/stm32f0xx_hal_dma.o" -o "Drivers/STM32F0xx_HAL_Driver/Src/stm32f0xx_hal_dma.o" "../Drivers/STM32F0xx_HAL_Driver/Src/stm32f0xx_hal_dma.c"
Finished building: ../Drivers/STM32F0xx_HAL_Driver/Src/stm32f0xx_hal_dma.c
 
Building file: ../Drivers/STM32F0xx_HAL_Driver/Src/stm32f0xx_hal_flash.c
Invoking: MCU GCC Compiler
C:\477sp19\usart_new\Debug
arm-none-eabi-gcc -mcpu=cortex-m0 -mthumb -mfloat-abi=soft '-D__weak=__attribute__((weak))' '-D__packed=__attribute__((__packed__))' -DUSE_HAL_DRIVER -DSTM32F051x8 -I"C:/477sp19/usart_new/Inc" -I"C:/477sp19/usart_new/Drivers/STM32F0xx_HAL_Driver/Inc" -I"C:/477sp19/usart_new/Drivers/STM32F0xx_HAL_Driver/Inc/Legacy" -I"C:/477sp19/usart_new/Drivers/CMSIS/Device/ST/STM32F0xx/Include" -I"C:/477sp19/usart_new/Drivers/CMSIS/Include"  -Og -g3 -Wall -fmessage-length=0 -ffunction-sections -c -fmessage-length=0 -MMD -MP -MF"Drivers/STM32F0xx_HAL_Driver/Src/stm32f0xx_hal_flash.d" -MT"Drivers/STM32F0xx_HAL_Driver/Src/stm32f0xx_hal_flash.o" -o "Drivers/STM32F0xx_HAL_Driver/Src/stm32f0xx_hal_flash.o" "../Drivers/STM32F0xx_HAL_Driver/Src/stm32f0xx_hal_flash.c"
Finished building: ../Drivers/STM32F0xx_HAL_Driver/Src/stm32f0xx_hal_flash.c
 
Building file: ../Drivers/STM32F0xx_HAL_Driver/Src/stm32f0xx_hal_flash_ex.c
Invoking: MCU GCC Compiler
C:\477sp19\usart_new\Debug
arm-none-eabi-gcc -mcpu=cortex-m0 -mthumb -mfloat-abi=soft '-D__weak=__attribute__((weak))' '-D__packed=__attribute__((__packed__))' -DUSE_HAL_DRIVER -DSTM32F051x8 -I"C:/477sp19/usart_new/Inc" -I"C:/477sp19/usart_new/Drivers/STM32F0xx_HAL_Driver/Inc" -I"C:/477sp19/usart_new/Drivers/STM32F0xx_HAL_Driver/Inc/Legacy" -I"C:/477sp19/usart_new/Drivers/CMSIS/Device/ST/STM32F0xx/Include" -I"C:/477sp19/usart_new/Drivers/CMSIS/Include"  -Og -g3 -Wall -fmessage-length=0 -ffunction-sections -c -fmessage-length=0 -MMD -MP -MF"Drivers/STM32F0xx_HAL_Driver/Src/stm32f0xx_hal_flash_ex.d" -MT"Drivers/STM32F0xx_HAL_Driver/Src/stm32f0xx_hal_flash_ex.o" -o "Drivers/STM32F0xx_HAL_Driver/Src/stm32f0xx_hal_flash_ex.o" "../Drivers/STM32F0xx_HAL_Driver/Src/stm32f0xx_hal_flash_ex.c"
Finished building: ../Drivers/STM32F0xx_HAL_Driver/Src/stm32f0xx_hal_flash_ex.c
 
Building file: ../Drivers/STM32F0xx_HAL_Driver/Src/stm32f0xx_hal_gpio.c
Invoking: MCU GCC Compiler
C:\477sp19\usart_new\Debug
arm-none-eabi-gcc -mcpu=cortex-m0 -mthumb -mfloat-abi=soft '-D__weak=__attribute__((weak))' '-D__packed=__attribute__((__packed__))' -DUSE_HAL_DRIVER -DSTM32F051x8 -I"C:/477sp19/usart_new/Inc" -I"C:/477sp19/usart_new/Drivers/STM32F0xx_HAL_Driver/Inc" -I"C:/477sp19/usart_new/Drivers/STM32F0xx_HAL_Driver/Inc/Legacy" -I"C:/477sp19/usart_new/Drivers/CMSIS/Device/ST/STM32F0xx/Include" -I"C:/477sp19/usart_new/Drivers/CMSIS/Include"  -Og -g3 -Wall -fmessage-length=0 -ffunction-sections -c -fmessage-length=0 -MMD -MP -MF"Drivers/STM32F0xx_HAL_Driver/Src/stm32f0xx_hal_gpio.d" -MT"Drivers/STM32F0xx_HAL_Driver/Src/stm32f0xx_hal_gpio.o" -o "Drivers/STM32F0xx_HAL_Driver/Src/stm32f0xx_hal_gpio.o" "../Drivers/STM32F0xx_HAL_Driver/Src/stm32f0xx_hal_gpio.c"
Finished building: ../Drivers/STM32F0xx_HAL_Driver/Src/stm32f0xx_hal_gpio.c
 
Building file: ../Drivers/STM32F0xx_HAL_Driver/Src/stm32f0xx_hal_i2c.c
Invoking: MCU GCC Compiler
C:\477sp19\usart_new\Debug
arm-none-eabi-gcc -mcpu=cortex-m0 -mthumb -mfloat-abi=soft '-D__weak=__attribute__((weak))' '-D__packed=__attribute__((__packed__))' -DUSE_HAL_DRIVER -DSTM32F051x8 -I"C:/477sp19/usart_new/Inc" -I"C:/477sp19/usart_new/Drivers/STM32F0xx_HAL_Driver/Inc" -I"C:/477sp19/usart_new/Drivers/STM32F0xx_HAL_Driver/Inc/Legacy" -I"C:/477sp19/usart_new/Drivers/CMSIS/Device/ST/STM32F0xx/Include" -I"C:/477sp19/usart_new/Drivers/CMSIS/Include"  -Og -g3 -Wall -fmessage-length=0 -ffunction-sections -c -fmessage-length=0 -MMD -MP -MF"Drivers/STM32F0xx_HAL_Driver/Src/stm32f0xx_hal_i2c.d" -MT"Drivers/STM32F0xx_HAL_Driver/Src/stm32f0xx_hal_i2c.o" -o "Drivers/STM32F0xx_HAL_Driver/Src/stm32f0xx_hal_i2c.o" "../Drivers/STM32F0xx_HAL_Driver/Src/stm32f0xx_hal_i2c.c"
Finished building: ../Drivers/STM32F0xx_HAL_Driver/Src/stm32f0xx_hal_i2c.c
 
Building file: ../Drivers/STM32F0xx_HAL_Driver/Src/stm32f0xx_hal_i2c_ex.c
Invoking: MCU GCC Compiler
C:\477sp19\usart_new\Debug
arm-none-eabi-gcc -mcpu=cortex-m0 -mthumb -mfloat-abi=soft '-D__weak=__attribute__((weak))' '-D__packed=__attribute__((__packed__))' -DUSE_HAL_DRIVER -DSTM32F051x8 -I"C:/477sp19/usart_new/Inc" -I"C:/477sp19/usart_new/Drivers/STM32F0xx_HAL_Driver/Inc" -I"C:/477sp19/usart_new/Drivers/STM32F0xx_HAL_Driver/Inc/Legacy" -I"C:/477sp19/usart_new/Drivers/CMSIS/Device/ST/STM32F0xx/Include" -I"C:/477sp19/usart_new/Drivers/CMSIS/Include"  -Og -g3 -Wall -fmessage-length=0 -ffunction-sections -c -fmessage-length=0 -MMD -MP -MF"Drivers/STM32F0xx_HAL_Driver/Src/stm32f0xx_hal_i2c_ex.d" -MT"Drivers/STM32F0xx_HAL_Driver/Src/stm32f0xx_hal_i2c_ex.o" -o "Drivers/STM32F0xx_HAL_Driver/Src/stm32f0xx_hal_i2c_ex.o" "../Drivers/STM32F0xx_HAL_Driver/Src/stm32f0xx_hal_i2c_ex.c"
Finished building: ../Drivers/STM32F0xx_HAL_Driver/Src/stm32f0xx_hal_i2c_ex.c
 
Building file: ../Drivers/STM32F0xx_HAL_Driver/Src/stm32f0xx_hal_pwr.c
Invoking: MCU GCC Compiler
C:\477sp19\usart_new\Debug
arm-none-eabi-gcc -mcpu=cortex-m0 -mthumb -mfloat-abi=soft '-D__weak=__attribute__((weak))' '-D__packed=__attribute__((__packed__))' -DUSE_HAL_DRIVER -DSTM32F051x8 -I"C:/477sp19/usart_new/Inc" -I"C:/477sp19/usart_new/Drivers/STM32F0xx_HAL_Driver/Inc" -I"C:/477sp19/usart_new/Drivers/STM32F0xx_HAL_Driver/Inc/Legacy" -I"C:/477sp19/usart_new/Drivers/CMSIS/Device/ST/STM32F0xx/Include" -I"C:/477sp19/usart_new/Drivers/CMSIS/Include"  -Og -g3 -Wall -fmessage-length=0 -ffunction-sections -c -fmessage-length=0 -MMD -MP -MF"Drivers/STM32F0xx_HAL_Driver/Src/stm32f0xx_hal_pwr.d" -MT"Drivers/STM32F0xx_HAL_Driver/Src/stm32f0xx_hal_pwr.o" -o "Drivers/STM32F0xx_HAL_Driver/Src/stm32f0xx_hal_pwr.o" "../Drivers/STM32F0xx_HAL_Driver/Src/stm32f0xx_hal_pwr.c"
Finished building: ../Drivers/STM32F0xx_HAL_Driver/Src/stm32f0xx_hal_pwr.c
 
Building file: ../Drivers/STM32F0xx_HAL_Driver/Src/stm32f0xx_hal_pwr_ex.c
Invoking: MCU GCC Compiler
C:\477sp19\usart_new\Debug
arm-none-eabi-gcc -mcpu=cortex-m0 -mthumb -mfloat-abi=soft '-D__weak=__attribute__((weak))' '-D__packed=__attribute__((__packed__))' -DUSE_HAL_DRIVER -DSTM32F051x8 -I"C:/477sp19/usart_new/Inc" -I"C:/477sp19/usart_new/Drivers/STM32F0xx_HAL_Driver/Inc" -I"C:/477sp19/usart_new/Drivers/STM32F0xx_HAL_Driver/Inc/Legacy" -I"C:/477sp19/usart_new/Drivers/CMSIS/Device/ST/STM32F0xx/Include" -I"C:/477sp19/usart_new/Drivers/CMSIS/Include"  -Og -g3 -Wall -fmessage-length=0 -ffunction-sections -c -fmessage-length=0 -MMD -MP -MF"Drivers/STM32F0xx_HAL_Driver/Src/stm32f0xx_hal_pwr_ex.d" -MT"Drivers/STM32F0xx_HAL_Driver/Src/stm32f0xx_hal_pwr_ex.o" -o "Drivers/STM32F0xx_HAL_Driver/Src/stm32f0xx_hal_pwr_ex.o" "../Drivers/STM32F0xx_HAL_Driver/Src/stm32f0xx_hal_pwr_ex.c"
Finished building: ../Drivers/STM32F0xx_HAL_Driver/Src/stm32f0xx_hal_pwr_ex.c
 
Building file: ../Drivers/STM32F0xx_HAL_Driver/Src/stm32f0xx_hal_rcc.c
Invoking: MCU GCC Compiler
C:\477sp19\usart_new\Debug
arm-none-eabi-gcc -mcpu=cortex-m0 -mthumb -mfloat-abi=soft '-D__weak=__attribute__((weak))' '-D__packed=__attribute__((__packed__))' -DUSE_HAL_DRIVER -DSTM32F051x8 -I"C:/477sp19/usart_new/Inc" -I"C:/477sp19/usart_new/Drivers/STM32F0xx_HAL_Driver/Inc" -I"C:/477sp19/usart_new/Drivers/STM32F0xx_HAL_Driver/Inc/Legacy" -I"C:/477sp19/usart_new/Drivers/CMSIS/Device/ST/STM32F0xx/Include" -I"C:/477sp19/usart_new/Drivers/CMSIS/Include"  -Og -g3 -Wall -fmessage-length=0 -ffunction-sections -c -fmessage-length=0 -MMD -MP -MF"Drivers/STM32F0xx_HAL_Driver/Src/stm32f0xx_hal_rcc.d" -MT"Drivers/STM32F0xx_HAL_Driver/Src/stm32f0xx_hal_rcc.o" -o "Drivers/STM32F0xx_HAL_Driver/Src/stm32f0xx_hal_rcc.o" "../Drivers/STM32F0xx_HAL_Driver/Src/stm32f0xx_hal_rcc.c"
Finished building: ../Drivers/STM32F0xx_HAL_Driver/Src/stm32f0xx_hal_rcc.c
 
Building file: ../Drivers/STM32F0xx_HAL_Driver/Src/stm32f0xx_hal_rcc_ex.c
Invoking: MCU GCC Compiler
C:\477sp19\usart_new\Debug
arm-none-eabi-gcc -mcpu=cortex-m0 -mthumb -mfloat-abi=soft '-D__weak=__attribute__((weak))' '-D__packed=__attribute__((__packed__))' -DUSE_HAL_DRIVER -DSTM32F051x8 -I"C:/477sp19/usart_new/Inc" -I"C:/477sp19/usart_new/Drivers/STM32F0xx_HAL_Driver/Inc" -I"C:/477sp19/usart_new/Drivers/STM32F0xx_HAL_Driver/Inc/Legacy" -I"C:/477sp19/usart_new/Drivers/CMSIS/Device/ST/STM32F0xx/Include" -I"C:/477sp19/usart_new/Drivers/CMSIS/Include"  -Og -g3 -Wall -fmessage-length=0 -ffunction-sections -c -fmessage-length=0 -MMD -MP -MF"Drivers/STM32F0xx_HAL_Driver/Src/stm32f0xx_hal_rcc_ex.d" -MT"Drivers/STM32F0xx_HAL_Driver/Src/stm32f0xx_hal_rcc_ex.o" -o "Drivers/STM32F0xx_HAL_Driver/Src/stm32f0xx_hal_rcc_ex.o" "../Drivers/STM32F0xx_HAL_Driver/Src/stm32f0xx_hal_rcc_ex.c"
Finished building: ../Drivers/STM32F0xx_HAL_Driver/Src/stm32f0xx_hal_rcc_ex.c
 
Building file: ../Drivers/STM32F0xx_HAL_Driver/Src/stm32f0xx_hal_tim.c
Invoking: MCU GCC Compiler
C:\477sp19\usart_new\Debug
arm-none-eabi-gcc -mcpu=cortex-m0 -mthumb -mfloat-abi=soft '-D__weak=__attribute__((weak))' '-D__packed=__attribute__((__packed__))' -DUSE_HAL_DRIVER -DSTM32F051x8 -I"C:/477sp19/usart_new/Inc" -I"C:/477sp19/usart_new/Drivers/STM32F0xx_HAL_Driver/Inc" -I"C:/477sp19/usart_new/Drivers/STM32F0xx_HAL_Driver/Inc/Legacy" -I"C:/477sp19/usart_new/Drivers/CMSIS/Device/ST/STM32F0xx/Include" -I"C:/477sp19/usart_new/Drivers/CMSIS/Include"  -Og -g3 -Wall -fmessage-length=0 -ffunction-sections -c -fmessage-length=0 -MMD -MP -MF"Drivers/STM32F0xx_HAL_Driver/Src/stm32f0xx_hal_tim.d" -MT"Drivers/STM32F0xx_HAL_Driver/Src/stm32f0xx_hal_tim.o" -o "Drivers/STM32F0xx_HAL_Driver/Src/stm32f0xx_hal_tim.o" "../Drivers/STM32F0xx_HAL_Driver/Src/stm32f0xx_hal_tim.c"
Finished building: ../Drivers/STM32F0xx_HAL_Driver/Src/stm32f0xx_hal_tim.c
 
Building file: ../Drivers/STM32F0xx_HAL_Driver/Src/stm32f0xx_hal_tim_ex.c
Invoking: MCU GCC Compiler
C:\477sp19\usart_new\Debug
arm-none-eabi-gcc -mcpu=cortex-m0 -mthumb -mfloat-abi=soft '-D__weak=__attribute__((weak))' '-D__packed=__attribute__((__packed__))' -DUSE_HAL_DRIVER -DSTM32F051x8 -I"C:/477sp19/usart_new/Inc" -I"C:/477sp19/usart_new/Drivers/STM32F0xx_HAL_Driver/Inc" -I"C:/477sp19/usart_new/Drivers/STM32F0xx_HAL_Driver/Inc/Legacy" -I"C:/477sp19/usart_new/Drivers/CMSIS/Device/ST/STM32F0xx/Include" -I"C:/477sp19/usart_new/Drivers/CMSIS/Include"  -Og -g3 -Wall -fmessage-length=0 -ffunction-sections -c -fmessage-length=0 -MMD -MP -MF"Drivers/STM32F0xx_HAL_Driver/Src/stm32f0xx_hal_tim_ex.d" -MT"Drivers/STM32F0xx_HAL_Driver/Src/stm32f0xx_hal_tim_ex.o" -o "Drivers/STM32F0xx_HAL_Driver/Src/stm32f0xx_hal_tim_ex.o" "../Drivers/STM32F0xx_HAL_Driver/Src/stm32f0xx_hal_tim_ex.c"
Finished building: ../Drivers/STM32F0xx_HAL_Driver/Src/stm32f0xx_hal_tim_ex.c
 
Building file: ../Drivers/STM32F0xx_HAL_Driver/Src/stm32f0xx_hal_uart.c
Invoking: MCU GCC Compiler
C:\477sp19\usart_new\Debug
arm-none-eabi-gcc -mcpu=cortex-m0 -mthumb -mfloat-abi=soft '-D__weak=__attribute__((weak))' '-D__packed=__attribute__((__packed__))' -DUSE_HAL_DRIVER -DSTM32F051x8 -I"C:/477sp19/usart_new/Inc" -I"C:/477sp19/usart_new/Drivers/STM32F0xx_HAL_Driver/Inc" -I"C:/477sp19/usart_new/Drivers/STM32F0xx_HAL_Driver/Inc/Legacy" -I"C:/477sp19/usart_new/Drivers/CMSIS/Device/ST/STM32F0xx/Include" -I"C:/477sp19/usart_new/Drivers/CMSIS/Include"  -Og -g3 -Wall -fmessage-length=0 -ffunction-sections -c -fmessage-length=0 -MMD -MP -MF"Drivers/STM32F0xx_HAL_Driver/Src/stm32f0xx_hal_uart.d" -MT"Drivers/STM32F0xx_HAL_Driver/Src/stm32f0xx_hal_uart.o" -o "Drivers/STM32F0xx_HAL_Driver/Src/stm32f0xx_hal_uart.o" "../Drivers/STM32F0xx_HAL_Driver/Src/stm32f0xx_hal_uart.c"
Finished building: ../Drivers/STM32F0xx_HAL_Driver/Src/stm32f0xx_hal_uart.c
 
Building file: ../Drivers/STM32F0xx_HAL_Driver/Src/stm32f0xx_hal_uart_ex.c
Invoking: MCU GCC Compiler
C:\477sp19\usart_new\Debug
arm-none-eabi-gcc -mcpu=cortex-m0 -mthumb -mfloat-abi=soft '-D__weak=__attribute__((weak))' '-D__packed=__attribute__((__packed__))' -DUSE_HAL_DRIVER -DSTM32F051x8 -I"C:/477sp19/usart_new/Inc" -I"C:/477sp19/usart_new/Drivers/STM32F0xx_HAL_Driver/Inc" -I"C:/477sp19/usart_new/Drivers/STM32F0xx_HAL_Driver/Inc/Legacy" -I"C:/477sp19/usart_new/Drivers/CMSIS/Device/ST/STM32F0xx/Include" -I"C:/477sp19/usart_new/Drivers/CMSIS/Include"  -Og -g3 -Wall -fmessage-length=0 -ffunction-sections -c -fmessage-length=0 -MMD -MP -MF"Drivers/STM32F0xx_HAL_Driver/Src/stm32f0xx_hal_uart_ex.d" -MT"Drivers/STM32F0xx_HAL_Driver/Src/stm32f0xx_hal_uart_ex.o" -o "Drivers/STM32F0xx_HAL_Driver/Src/stm32f0xx_hal_uart_ex.o" "../Drivers/STM32F0xx_HAL_Driver/Src/stm32f0xx_hal_uart_ex.c"
Finished building: ../Drivers/STM32F0xx_HAL_Driver/Src/stm32f0xx_hal_uart_ex.c
 
Building target: usart_new.elf
Invoking: MCU GCC Linker
arm-none-eabi-gcc -mcpu=cortex-m0 -mthumb -mfloat-abi=soft -specs=nosys.specs -specs=nano.specs -T"../STM32F051R8Tx_FLASH.ld" -Wl,-Map=output.map -Wl,--gc-sections -o "usart_new.elf" @"objects.list"   -lm
Finished building target: usart_new.elf
 
make --no-print-directory post-build
Generating hex and Printing size information:
arm-none-eabi-objcopy -O ihex "usart_new.elf" "usart_new.hex"
arm-none-eabi-size "usart_new.elf"
   text	   data	    bss	    dec	    hex	filename
   6224	     12	   1684	   7920	   1ef0	usart_new.elf
 

07:41:36 Build Finished (took 17s.505ms)

